#! /usr/bin/vvp
:ivl_version "11.0 (stable)";
:ivl_delay_selection "TYPICAL";
:vpi_time_precision + 0;
:vpi_module "/usr/lib/x86_64-linux-gnu/ivl/system.vpi";
:vpi_module "/usr/lib/x86_64-linux-gnu/ivl/vhdl_sys.vpi";
:vpi_module "/usr/lib/x86_64-linux-gnu/ivl/vhdl_textio.vpi";
:vpi_module "/usr/lib/x86_64-linux-gnu/ivl/v2005_math.vpi";
:vpi_module "/usr/lib/x86_64-linux-gnu/ivl/va_math.vpi";
:vpi_module "/usr/lib/x86_64-linux-gnu/ivl/v2009.vpi";
S_0x626e183278d0 .scope package, "$unit" "$unit" 2 1;
 .timescale 0 0;
S_0x626e18322900 .scope module, "cla4" "cla4" 3 22;
 .timescale 0 0;
    .port_info 0 /INPUT 4 "a";
    .port_info 1 /INPUT 4 "b";
    .port_info 2 /INPUT 1 "cin";
    .port_info 3 /OUTPUT 4 "sum";
    .port_info 4 /OUTPUT 1 "cout";
L_0x626e18358c90/d .functor XOR 1, L_0x626e18358dc0, L_0x626e18358eb0, C4<0>, C4<0>;
L_0x626e18358c90 .delay 1 (2,2,2) L_0x626e18358c90/d;
L_0x626e18358fa0/d .functor XOR 1, L_0x626e183590b0, L_0x626e183591f0, C4<0>, C4<0>;
L_0x626e18358fa0 .delay 1 (2,2,2) L_0x626e18358fa0/d;
L_0x626e18359360/d .functor XOR 1, L_0x626e18359470, L_0x626e18359560, C4<0>, C4<0>;
L_0x626e18359360 .delay 1 (2,2,2) L_0x626e18359360/d;
L_0x626e18359690/d .functor XOR 1, L_0x626e183597d0, L_0x626e183598c0, C4<0>, C4<0>;
L_0x626e18359690 .delay 1 (2,2,2) L_0x626e18359690/d;
L_0x626e183599b0/d .functor AND 1, L_0x626e18359a70, L_0x626e18359b60, C4<1>, C4<1>;
L_0x626e183599b0 .delay 1 (2,2,2) L_0x626e183599b0/d;
L_0x626e18359cb0/d .functor AND 1, L_0x626e18359de0, L_0x626e18359ed0, C4<1>, C4<1>;
L_0x626e18359cb0 .delay 1 (2,2,2) L_0x626e18359cb0/d;
L_0x626e1835a030/d .functor AND 1, L_0x626e1835a140, L_0x626e1835a230, C4<1>, C4<1>;
L_0x626e1835a030 .delay 1 (2,2,2) L_0x626e1835a030/d;
L_0x626e18359fc0/d .functor AND 1, L_0x626e1835a4c0, L_0x626e1835a5b0, C4<1>, C4<1>;
L_0x626e18359fc0 .delay 1 (2,2,2) L_0x626e18359fc0/d;
o0x789d201b74c8 .functor BUFZ 1, C4<z>; HiZ drive
L_0x626e1835a730/d .functor AND 1, L_0x626e18358c90, o0x789d201b74c8, C4<1>, C4<1>;
L_0x626e1835a730 .delay 1 (2,2,2) L_0x626e1835a730/d;
L_0x626e1835a9a0/d .functor OR 1, L_0x626e183599b0, L_0x626e1835a730, C4<0>, C4<0>;
L_0x626e1835a9a0 .delay 1 (2,2,2) L_0x626e1835a9a0/d;
L_0x626e1835abb0/d .functor AND 1, L_0x626e18358fa0, L_0x626e183599b0, C4<1>, C4<1>;
L_0x626e1835abb0 .delay 1 (2,2,2) L_0x626e1835abb0/d;
L_0x626e1835acc0/d .functor AND 1, L_0x626e18358fa0, L_0x626e18358c90, o0x789d201b74c8, C4<1>;
L_0x626e1835acc0 .delay 1 (2,2,2) L_0x626e1835acc0/d;
L_0x626e1835ae90/d .functor OR 1, L_0x626e18359cb0, L_0x626e1835abb0, L_0x626e1835acc0, C4<0>;
L_0x626e1835ae90 .delay 1 (2,2,2) L_0x626e1835ae90/d;
L_0x626e1835b0c0/d .functor AND 1, L_0x626e18359360, L_0x626e18359cb0, C4<1>, C4<1>;
L_0x626e1835b0c0 .delay 1 (2,2,2) L_0x626e1835b0c0/d;
L_0x626e1835ae20/d .functor AND 1, L_0x626e18359360, L_0x626e18358fa0, L_0x626e183599b0, C4<1>;
L_0x626e1835ae20 .delay 1 (2,2,2) L_0x626e1835ae20/d;
L_0x626e1835b2f0/d .functor AND 1, L_0x626e18359360, L_0x626e18358fa0, L_0x626e18358c90, o0x789d201b74c8;
L_0x626e1835b2f0 .delay 1 (2,2,2) L_0x626e1835b2f0/d;
L_0x626e1835b590/d .functor OR 1, L_0x626e1835a030, L_0x626e1835b0c0, L_0x626e1835ae20, L_0x626e1835b2f0;
L_0x626e1835b590 .delay 1 (2,2,2) L_0x626e1835b590/d;
L_0x626e1835b7a0/d .functor AND 1, L_0x626e18359690, L_0x626e1835a030, C4<1>, C4<1>;
L_0x626e1835b7a0 .delay 1 (2,2,2) L_0x626e1835b7a0/d;
L_0x626e1835b9a0/d .functor AND 1, L_0x626e18359690, L_0x626e18359360, L_0x626e18359cb0, C4<1>;
L_0x626e1835b9a0 .delay 1 (2,2,2) L_0x626e1835b9a0/d;
L_0x626e1835ba60/d .functor AND 1, L_0x626e18359690, L_0x626e18359360, L_0x626e18358fa0, L_0x626e183599b0;
L_0x626e1835ba60 .delay 1 (2,2,2) L_0x626e1835ba60/d;
L_0x626e1835bc60/0/0 .functor AND 1, L_0x626e18359690, L_0x626e18359360, L_0x626e18358fa0, L_0x626e18358c90;
L_0x626e1835bc60/0/4 .functor AND 1, o0x789d201b74c8, C4<1>, C4<1>, C4<1>;
L_0x626e1835bc60/d .functor AND 1, L_0x626e1835bc60/0/0, L_0x626e1835bc60/0/4, C4<1>, C4<1>;
L_0x626e1835bc60 .delay 1 (2,2,2) L_0x626e1835bc60/d;
L_0x626e1835bde0/0/0 .functor OR 1, L_0x626e18359fc0, L_0x626e1835b7a0, L_0x626e1835b9a0, L_0x626e1835ba60;
L_0x626e1835bde0/0/4 .functor OR 1, L_0x626e1835bc60, C4<0>, C4<0>, C4<0>;
L_0x626e1835bde0/d .functor OR 1, L_0x626e1835bde0/0/0, L_0x626e1835bde0/0/4, C4<0>, C4<0>;
L_0x626e1835bde0 .delay 1 (2,2,2) L_0x626e1835bde0/d;
L_0x626e1835c170/d .functor XOR 1, L_0x626e18358c90, o0x789d201b74c8, C4<0>, C4<0>;
L_0x626e1835c170 .delay 1 (2,2,2) L_0x626e1835c170/d;
L_0x626e1835c280/d .functor XOR 1, L_0x626e18358fa0, L_0x626e1835a9a0, C4<0>, C4<0>;
L_0x626e1835c280 .delay 1 (2,2,2) L_0x626e1835c280/d;
L_0x626e1835c5c0/d .functor XOR 1, L_0x626e18359360, L_0x626e1835ae90, C4<0>, C4<0>;
L_0x626e1835c5c0 .delay 1 (2,2,2) L_0x626e1835c5c0/d;
L_0x626e1835c920/d .functor XOR 1, L_0x626e18359690, L_0x626e1835b590, C4<0>, C4<0>;
L_0x626e1835c920 .delay 1 (2,2,2) L_0x626e1835c920/d;
v0x626e1831e250_0 .net *"_ivl_12", 0 0, L_0x626e18359470;  1 drivers
v0x626e1834ea80_0 .net *"_ivl_14", 0 0, L_0x626e18359560;  1 drivers
v0x626e1834eb60_0 .net *"_ivl_17", 0 0, L_0x626e183597d0;  1 drivers
v0x626e1834ec20_0 .net *"_ivl_19", 0 0, L_0x626e183598c0;  1 drivers
v0x626e1834ed00_0 .net *"_ivl_2", 0 0, L_0x626e18358dc0;  1 drivers
v0x626e1834ee30_0 .net *"_ivl_22", 0 0, L_0x626e18359a70;  1 drivers
v0x626e1834ef10_0 .net *"_ivl_24", 0 0, L_0x626e18359b60;  1 drivers
v0x626e1834eff0_0 .net *"_ivl_27", 0 0, L_0x626e18359de0;  1 drivers
v0x626e1834f0d0_0 .net *"_ivl_29", 0 0, L_0x626e18359ed0;  1 drivers
v0x626e1834f1b0_0 .net *"_ivl_32", 0 0, L_0x626e1835a140;  1 drivers
v0x626e1834f290_0 .net *"_ivl_34", 0 0, L_0x626e1835a230;  1 drivers
v0x626e1834f370_0 .net *"_ivl_37", 0 0, L_0x626e1835a4c0;  1 drivers
v0x626e1834f450_0 .net *"_ivl_39", 0 0, L_0x626e1835a5b0;  1 drivers
v0x626e1834f530_0 .net *"_ivl_4", 0 0, L_0x626e18358eb0;  1 drivers
v0x626e1834f610_0 .net *"_ivl_55", 0 0, L_0x626e1835c170;  1 drivers
v0x626e1834f6f0_0 .net *"_ivl_58", 0 0, L_0x626e1835c280;  1 drivers
v0x626e1834f7d0_0 .net *"_ivl_61", 0 0, L_0x626e1835c5c0;  1 drivers
v0x626e1834f8b0_0 .net *"_ivl_64", 0 0, L_0x626e1835c920;  1 drivers
v0x626e1834f990_0 .net *"_ivl_7", 0 0, L_0x626e183590b0;  1 drivers
v0x626e1834fa70_0 .net *"_ivl_9", 0 0, L_0x626e183591f0;  1 drivers
o0x789d201b73d8 .functor BUFZ 4, C4<zzzz>; HiZ drive
v0x626e1834fb50_0 .net "a", 3 0, o0x789d201b73d8;  0 drivers
o0x789d201b7408 .functor BUFZ 4, C4<zzzz>; HiZ drive
v0x626e1834fc30_0 .net "b", 3 0, o0x789d201b7408;  0 drivers
v0x626e1834fd10_0 .net "c1", 0 0, L_0x626e1835a9a0;  1 drivers
v0x626e1834fdd0_0 .net "c2", 0 0, L_0x626e1835ae90;  1 drivers
v0x626e1834fe90_0 .net "c3", 0 0, L_0x626e1835b590;  1 drivers
v0x626e1834ff50_0 .net "cin", 0 0, o0x789d201b74c8;  0 drivers
v0x626e18350010_0 .net "cout", 0 0, L_0x626e1835bde0;  1 drivers
v0x626e183500d0_0 .net "g0", 0 0, L_0x626e183599b0;  1 drivers
v0x626e18350190_0 .net "g1", 0 0, L_0x626e18359cb0;  1 drivers
v0x626e18350250_0 .net "g2", 0 0, L_0x626e1835a030;  1 drivers
v0x626e18350310_0 .net "g3", 0 0, L_0x626e18359fc0;  1 drivers
v0x626e183503d0_0 .net "p0", 0 0, L_0x626e18358c90;  1 drivers
v0x626e18350490_0 .net "p1", 0 0, L_0x626e18358fa0;  1 drivers
v0x626e18350760_0 .net "p2", 0 0, L_0x626e18359360;  1 drivers
v0x626e18350820_0 .net "p3", 0 0, L_0x626e18359690;  1 drivers
v0x626e183508e0_0 .net "sum", 3 0, L_0x626e1835b900;  1 drivers
v0x626e183509c0_0 .net "t1_0", 0 0, L_0x626e1835a730;  1 drivers
v0x626e18350a80_0 .net "t2_0", 0 0, L_0x626e1835abb0;  1 drivers
v0x626e18350b40_0 .net "t2_1", 0 0, L_0x626e1835acc0;  1 drivers
v0x626e18350c00_0 .net "t3_0", 0 0, L_0x626e1835b0c0;  1 drivers
v0x626e18350cc0_0 .net "t3_1", 0 0, L_0x626e1835ae20;  1 drivers
v0x626e18350d80_0 .net "t3_2", 0 0, L_0x626e1835b2f0;  1 drivers
v0x626e18350e40_0 .net "t4_0", 0 0, L_0x626e1835b7a0;  1 drivers
v0x626e18350f00_0 .net "t4_1", 0 0, L_0x626e1835b9a0;  1 drivers
v0x626e18350fc0_0 .net "t4_2", 0 0, L_0x626e1835ba60;  1 drivers
v0x626e18351080_0 .net "t4_3", 0 0, L_0x626e1835bc60;  1 drivers
L_0x626e18358dc0 .part o0x789d201b73d8, 0, 1;
L_0x626e18358eb0 .part o0x789d201b7408, 0, 1;
L_0x626e183590b0 .part o0x789d201b73d8, 1, 1;
L_0x626e183591f0 .part o0x789d201b7408, 1, 1;
L_0x626e18359470 .part o0x789d201b73d8, 2, 1;
L_0x626e18359560 .part o0x789d201b7408, 2, 1;
L_0x626e183597d0 .part o0x789d201b73d8, 3, 1;
L_0x626e183598c0 .part o0x789d201b7408, 3, 1;
L_0x626e18359a70 .part o0x789d201b73d8, 0, 1;
L_0x626e18359b60 .part o0x789d201b7408, 0, 1;
L_0x626e18359de0 .part o0x789d201b73d8, 1, 1;
L_0x626e18359ed0 .part o0x789d201b7408, 1, 1;
L_0x626e1835a140 .part o0x789d201b73d8, 2, 1;
L_0x626e1835a230 .part o0x789d201b7408, 2, 1;
L_0x626e1835a4c0 .part o0x789d201b73d8, 3, 1;
L_0x626e1835a5b0 .part o0x789d201b7408, 3, 1;
L_0x626e1835b900 .concat8 [ 1 1 1 1], L_0x626e1835c170, L_0x626e1835c280, L_0x626e1835c5c0, L_0x626e1835c920;
S_0x626e1832f410 .scope module, "rca" "rca" 4 13;
 .timescale 0 0;
    .port_info 0 /INPUT 4 "a";
    .port_info 1 /INPUT 4 "b";
    .port_info 2 /INPUT 1 "cin";
    .port_info 3 /OUTPUT 4 "sum";
    .port_info 4 /OUTPUT 1 "cout";
o0x789d201b82d8 .functor BUFZ 4, C4<zzzz>; HiZ drive
v0x626e18353560_0 .net "a", 3 0, o0x789d201b82d8;  0 drivers
o0x789d201b8308 .functor BUFZ 4, C4<zzzz>; HiZ drive
v0x626e18353660_0 .net "b", 3 0, o0x789d201b8308;  0 drivers
v0x626e18353740_0 .net "c1", 0 0, L_0x626e1835d3e0;  1 drivers
v0x626e18353830_0 .net "c2", 0 0, L_0x626e1835df00;  1 drivers
v0x626e18353920_0 .net "c3", 0 0, L_0x626e1835eaf0;  1 drivers
o0x789d201b7a08 .functor BUFZ 1, C4<z>; HiZ drive
v0x626e18353a60_0 .net "cin", 0 0, o0x789d201b7a08;  0 drivers
v0x626e18353b00_0 .net "cout", 0 0, L_0x626e1835f6a0;  1 drivers
v0x626e18353ba0_0 .net "sum", 3 0, L_0x626e1835fbf0;  1 drivers
L_0x626e1835d630 .part o0x789d201b82d8, 0, 1;
L_0x626e1835d6d0 .part o0x789d201b8308, 0, 1;
L_0x626e1835e150 .part o0x789d201b82d8, 1, 1;
L_0x626e1835e240 .part o0x789d201b8308, 1, 1;
L_0x626e1835ed40 .part o0x789d201b82d8, 2, 1;
L_0x626e1835ede0 .part o0x789d201b8308, 2, 1;
L_0x626e1835f940 .part o0x789d201b82d8, 3, 1;
L_0x626e1835fa70 .part o0x789d201b8308, 3, 1;
L_0x626e1835fbf0 .concat8 [ 1 1 1 1], L_0x626e1835cfb0, L_0x626e1835db70, L_0x626e1835e760, L_0x626e1835f280;
S_0x626e183511e0 .scope module, "FA0" "FA_Gate" 4 24, 5 20 0, S_0x626e1832f410;
 .timescale 0 0;
    .port_info 0 /INPUT 1 "a";
    .port_info 1 /INPUT 1 "b";
    .port_info 2 /INPUT 1 "cin";
    .port_info 3 /OUTPUT 1 "sum";
    .port_info 4 /OUTPUT 1 "cout";
L_0x626e1835cbb0/d .functor XOR 1, L_0x626e1835d630, L_0x626e1835d6d0, C4<0>, C4<0>;
L_0x626e1835cbb0 .delay 1 (2,3,2) L_0x626e1835cbb0/d;
L_0x626e1835cd60/d .functor AND 1, L_0x626e1835d630, L_0x626e1835d6d0, C4<1>, C4<1>;
L_0x626e1835cd60 .delay 1 (2,3,2) L_0x626e1835cd60/d;
L_0x626e1835cfb0/d .functor XOR 1, o0x789d201b7a08, L_0x626e1835cbb0, C4<0>, C4<0>;
L_0x626e1835cfb0 .delay 1 (2,3,2) L_0x626e1835cfb0/d;
L_0x626e1835d200/d .functor AND 1, o0x789d201b7a08, L_0x626e1835cbb0, C4<1>, C4<1>;
L_0x626e1835d200 .delay 1 (2,3,2) L_0x626e1835d200/d;
L_0x626e1835d3e0/d .functor OR 1, L_0x626e1835cd60, L_0x626e1835d200, C4<0>, C4<0>;
L_0x626e1835d3e0 .delay 1 (2,3,2) L_0x626e1835d3e0/d;
v0x626e18351390_0 .net "a", 0 0, L_0x626e1835d630;  1 drivers
v0x626e18351470_0 .net "b", 0 0, L_0x626e1835d6d0;  1 drivers
v0x626e18351530_0 .net "cin", 0 0, o0x789d201b7a08;  alias, 0 drivers
v0x626e183515d0_0 .net "cout", 0 0, L_0x626e1835d3e0;  alias, 1 drivers
v0x626e18351690_0 .net "pc1", 0 0, L_0x626e1835cd60;  1 drivers
v0x626e183517a0_0 .net "pc2", 0 0, L_0x626e1835d200;  1 drivers
v0x626e18351860_0 .net "ps", 0 0, L_0x626e1835cbb0;  1 drivers
v0x626e18351920_0 .net "sum", 0 0, L_0x626e1835cfb0;  1 drivers
S_0x626e18351a80 .scope module, "FA1" "FA_Gate" 4 25, 5 20 0, S_0x626e1832f410;
 .timescale 0 0;
    .port_info 0 /INPUT 1 "a";
    .port_info 1 /INPUT 1 "b";
    .port_info 2 /INPUT 1 "cin";
    .port_info 3 /OUTPUT 1 "sum";
    .port_info 4 /OUTPUT 1 "cout";
L_0x626e1835d770/d .functor XOR 1, L_0x626e1835e150, L_0x626e1835e240, C4<0>, C4<0>;
L_0x626e1835d770 .delay 1 (2,3,2) L_0x626e1835d770/d;
L_0x626e1835d920/d .functor AND 1, L_0x626e1835e150, L_0x626e1835e240, C4<1>, C4<1>;
L_0x626e1835d920 .delay 1 (2,3,2) L_0x626e1835d920/d;
L_0x626e1835db70/d .functor XOR 1, L_0x626e1835d3e0, L_0x626e1835d770, C4<0>, C4<0>;
L_0x626e1835db70 .delay 1 (2,3,2) L_0x626e1835db70/d;
L_0x626e1835dd20/d .functor AND 1, L_0x626e1835d3e0, L_0x626e1835d770, C4<1>, C4<1>;
L_0x626e1835dd20 .delay 1 (2,3,2) L_0x626e1835dd20/d;
L_0x626e1835df00/d .functor OR 1, L_0x626e1835d920, L_0x626e1835dd20, C4<0>, C4<0>;
L_0x626e1835df00 .delay 1 (2,3,2) L_0x626e1835df00/d;
v0x626e18351c80_0 .net "a", 0 0, L_0x626e1835e150;  1 drivers
v0x626e18351d40_0 .net "b", 0 0, L_0x626e1835e240;  1 drivers
v0x626e18351e00_0 .net "cin", 0 0, L_0x626e1835d3e0;  alias, 1 drivers
v0x626e18351f00_0 .net "cout", 0 0, L_0x626e1835df00;  alias, 1 drivers
v0x626e18351fa0_0 .net "pc1", 0 0, L_0x626e1835d920;  1 drivers
v0x626e18352090_0 .net "pc2", 0 0, L_0x626e1835dd20;  1 drivers
v0x626e18352150_0 .net "ps", 0 0, L_0x626e1835d770;  1 drivers
v0x626e18352210_0 .net "sum", 0 0, L_0x626e1835db70;  1 drivers
S_0x626e18352370 .scope module, "FA2" "FA_Gate" 4 26, 5 20 0, S_0x626e1832f410;
 .timescale 0 0;
    .port_info 0 /INPUT 1 "a";
    .port_info 1 /INPUT 1 "b";
    .port_info 2 /INPUT 1 "cin";
    .port_info 3 /OUTPUT 1 "sum";
    .port_info 4 /OUTPUT 1 "cout";
L_0x626e1835e360/d .functor XOR 1, L_0x626e1835ed40, L_0x626e1835ede0, C4<0>, C4<0>;
L_0x626e1835e360 .delay 1 (2,3,2) L_0x626e1835e360/d;
L_0x626e1835e510/d .functor AND 1, L_0x626e1835ed40, L_0x626e1835ede0, C4<1>, C4<1>;
L_0x626e1835e510 .delay 1 (2,3,2) L_0x626e1835e510/d;
L_0x626e1835e760/d .functor XOR 1, L_0x626e1835df00, L_0x626e1835e360, C4<0>, C4<0>;
L_0x626e1835e760 .delay 1 (2,3,2) L_0x626e1835e760/d;
L_0x626e1835e910/d .functor AND 1, L_0x626e1835df00, L_0x626e1835e360, C4<1>, C4<1>;
L_0x626e1835e910 .delay 1 (2,3,2) L_0x626e1835e910/d;
L_0x626e1835eaf0/d .functor OR 1, L_0x626e1835e510, L_0x626e1835e910, C4<0>, C4<0>;
L_0x626e1835eaf0 .delay 1 (2,3,2) L_0x626e1835eaf0/d;
v0x626e18352580_0 .net "a", 0 0, L_0x626e1835ed40;  1 drivers
v0x626e18352640_0 .net "b", 0 0, L_0x626e1835ede0;  1 drivers
v0x626e18352700_0 .net "cin", 0 0, L_0x626e1835df00;  alias, 1 drivers
v0x626e18352800_0 .net "cout", 0 0, L_0x626e1835eaf0;  alias, 1 drivers
v0x626e183528a0_0 .net "pc1", 0 0, L_0x626e1835e510;  1 drivers
v0x626e18352990_0 .net "pc2", 0 0, L_0x626e1835e910;  1 drivers
v0x626e18352a50_0 .net "ps", 0 0, L_0x626e1835e360;  1 drivers
v0x626e18352b10_0 .net "sum", 0 0, L_0x626e1835e760;  1 drivers
S_0x626e18352c70 .scope module, "FA3" "FA_Gate" 4 27, 5 20 0, S_0x626e1832f410;
 .timescale 0 0;
    .port_info 0 /INPUT 1 "a";
    .port_info 1 /INPUT 1 "b";
    .port_info 2 /INPUT 1 "cin";
    .port_info 3 /OUTPUT 1 "sum";
    .port_info 4 /OUTPUT 1 "cout";
L_0x626e1835ee80/d .functor XOR 1, L_0x626e1835f940, L_0x626e1835fa70, C4<0>, C4<0>;
L_0x626e1835ee80 .delay 1 (2,3,2) L_0x626e1835ee80/d;
L_0x626e1835f030/d .functor AND 1, L_0x626e1835f940, L_0x626e1835fa70, C4<1>, C4<1>;
L_0x626e1835f030 .delay 1 (2,3,2) L_0x626e1835f030/d;
L_0x626e1835f280/d .functor XOR 1, L_0x626e1835eaf0, L_0x626e1835ee80, C4<0>, C4<0>;
L_0x626e1835f280 .delay 1 (2,3,2) L_0x626e1835f280/d;
L_0x626e1835f4c0/d .functor AND 1, L_0x626e1835eaf0, L_0x626e1835ee80, C4<1>, C4<1>;
L_0x626e1835f4c0 .delay 1 (2,3,2) L_0x626e1835f4c0/d;
L_0x626e1835f6a0/d .functor OR 1, L_0x626e1835f030, L_0x626e1835f4c0, C4<0>, C4<0>;
L_0x626e1835f6a0 .delay 1 (2,3,2) L_0x626e1835f6a0/d;
v0x626e18352e50_0 .net "a", 0 0, L_0x626e1835f940;  1 drivers
v0x626e18352f30_0 .net "b", 0 0, L_0x626e1835fa70;  1 drivers
v0x626e18352ff0_0 .net "cin", 0 0, L_0x626e1835eaf0;  alias, 1 drivers
v0x626e183530f0_0 .net "cout", 0 0, L_0x626e1835f6a0;  alias, 1 drivers
v0x626e18353190_0 .net "pc1", 0 0, L_0x626e1835f030;  1 drivers
v0x626e18353280_0 .net "pc2", 0 0, L_0x626e1835f4c0;  1 drivers
v0x626e18353340_0 .net "ps", 0 0, L_0x626e1835ee80;  1 drivers
v0x626e18353400_0 .net "sum", 0 0, L_0x626e1835f280;  1 drivers
S_0x626e1831fbf0 .scope module, "tb" "tb" 6 6;
 .timescale 0 0;
v0x626e18358670_0 .var "t_a", 3 0;
v0x626e183587a0_0 .var "t_b", 3 0;
v0x626e183588b0_0 .var "t_cin", 0 0;
v0x626e183589a0_0 .net "t_cout", 0 0, L_0x626e18364250;  1 drivers
v0x626e18358a90_0 .net "t_sum", 3 0, L_0x626e183646a0;  1 drivers
v0x626e18358bd0_0 .var/str "vcd_file";
S_0x626e18353cc0 .scope module, "DUT" "dut" 6 12, 7 8 0, S_0x626e1831fbf0;
 .timescale 0 0;
    .port_info 0 /INPUT 4 "a";
    .port_info 1 /INPUT 4 "b";
    .port_info 2 /INPUT 1 "cin";
    .port_info 3 /OUTPUT 4 "sum";
    .port_info 4 /OUTPUT 1 "cout";
v0x626e18358200_0 .net "a", 3 0, v0x626e18358670_0;  1 drivers
v0x626e183582e0_0 .net "b", 3 0, v0x626e183587a0_0;  1 drivers
v0x626e183583b0_0 .net "cin", 0 0, v0x626e183588b0_0;  1 drivers
v0x626e183584b0_0 .net "cout", 0 0, L_0x626e18364250;  alias, 1 drivers
v0x626e18358580_0 .net "sum", 3 0, L_0x626e183646a0;  alias, 1 drivers
S_0x626e18353ec0 .scope module, "U_IMPL" "cla4_dataflow" 7 23, 8 16 0, S_0x626e18353cc0;
 .timescale 0 0;
    .port_info 0 /INPUT 4 "a";
    .port_info 1 /INPUT 4 "b";
    .port_info 2 /INPUT 1 "cin";
    .port_info 3 /OUTPUT 4 "sum";
    .port_info 4 /OUTPUT 1 "cout";
L_0x626e1835fd30/d .functor XOR 4, v0x626e18358670_0, v0x626e183587a0_0, C4<0000>, C4<0000>;
L_0x626e1835fd30 .delay 4 (2,2,2) L_0x626e1835fd30/d;
L_0x626e1835fe40/d .functor AND 4, v0x626e18358670_0, v0x626e183587a0_0, C4<1111>, C4<1111>;
L_0x626e1835fe40 .delay 4 (2,2,2) L_0x626e1835fe40/d;
L_0x626e183601b0 .functor AND 1, L_0x626e183600c0, v0x626e183588b0_0, C4<1>, C4<1>;
L_0x626e18360270/d .functor OR 1, L_0x626e18360020, L_0x626e183601b0, C4<0>, C4<0>;
L_0x626e18360270 .delay 1 (2,2,2) L_0x626e18360270/d;
L_0x626e183606f0 .functor AND 1, L_0x626e183604f0, L_0x626e183605c0, C4<1>, C4<1>;
L_0x626e183607b0 .functor OR 1, L_0x626e18360450, L_0x626e183606f0, C4<0>, C4<0>;
L_0x626e18360b10 .functor AND 1, L_0x626e18360900, L_0x626e18360a70, C4<1>, C4<1>;
L_0x626e18360bd0 .functor AND 1, L_0x626e18360b10, v0x626e183588b0_0, C4<1>, C4<1>;
L_0x626e18360d70/d .functor OR 1, L_0x626e183607b0, L_0x626e18360bd0, C4<0>, C4<0>;
L_0x626e18360d70 .delay 1 (2,2,2) L_0x626e18360d70/d;
L_0x626e18361160 .functor AND 1, L_0x626e18360fc0, L_0x626e18361060, C4<1>, C4<1>;
L_0x626e18361280 .functor OR 1, L_0x626e18360ed0, L_0x626e18361160, C4<0>, C4<0>;
L_0x626e183614f0 .functor AND 1, L_0x626e18361340, L_0x626e183613e0, C4<1>, C4<1>;
L_0x626e18361710 .functor AND 1, L_0x626e183614f0, L_0x626e18361670, C4<1>, C4<1>;
L_0x626e18361820 .functor OR 1, L_0x626e18361280, L_0x626e18361710, C4<0>, C4<0>;
L_0x626e18361480 .functor AND 1, L_0x626e183619b0, L_0x626e18361ad0, C4<1>, C4<1>;
L_0x626e18361600 .functor AND 1, L_0x626e18361480, L_0x626e18361c10, C4<1>, C4<1>;
L_0x626e18361e70 .functor AND 1, L_0x626e18361600, v0x626e183588b0_0, C4<1>, C4<1>;
L_0x626e18361f30/d .functor OR 1, L_0x626e18361820, L_0x626e18361e70, C4<0>, C4<0>;
L_0x626e18361f30 .delay 1 (2,2,2) L_0x626e18361f30/d;
L_0x626e18362510 .functor AND 1, L_0x626e18362330, L_0x626e18362470, C4<1>, C4<1>;
L_0x626e18362620 .functor OR 1, L_0x626e18362290, L_0x626e18362510, C4<0>, C4<0>;
L_0x626e18362890 .functor AND 1, L_0x626e183621f0, L_0x626e183623d0, C4<1>, C4<1>;
L_0x626e18362b00 .functor AND 1, L_0x626e18362890, L_0x626e183629a0, C4<1>, C4<1>;
L_0x626e18362cd0 .functor OR 1, L_0x626e18362620, L_0x626e18362b00, C4<0>, C4<0>;
L_0x626e18362ff0 .functor AND 1, L_0x626e18362de0, L_0x626e18362e80, C4<1>, C4<1>;
L_0x626e18363270 .functor AND 1, L_0x626e18362ff0, L_0x626e183631d0, C4<1>, C4<1>;
L_0x626e18363500 .functor AND 1, L_0x626e18363270, L_0x626e18363380, C4<1>, C4<1>;
L_0x626e183636f0 .functor OR 1, L_0x626e18362cd0, L_0x626e18363500, C4<0>, C4<0>;
L_0x626e18363a30 .functor AND 1, L_0x626e18363800, L_0x626e183638a0, C4<1>, C4<1>;
L_0x626e18363cd0 .functor AND 1, L_0x626e18363a30, L_0x626e18363c30, C4<1>, C4<1>;
L_0x626e18363f80 .functor AND 1, L_0x626e18363cd0, L_0x626e18363de0, C4<1>, C4<1>;
L_0x626e18364190 .functor AND 1, L_0x626e18363f80, v0x626e183588b0_0, C4<1>, C4<1>;
L_0x626e18364250/d .functor OR 1, L_0x626e183636f0, L_0x626e18364190, C4<0>, C4<0>;
L_0x626e18364250 .delay 1 (2,2,2) L_0x626e18364250/d;
L_0x626e183646a0/d .functor XOR 4, L_0x626e1835fd30, L_0x626e18364510, C4<0000>, C4<0000>;
L_0x626e183646a0 .delay 4 (2,2,2) L_0x626e183646a0/d;
v0x626e183540c0_0 .net *"_ivl_101", 0 0, L_0x626e18363380;  1 drivers
v0x626e183541c0_0 .net *"_ivl_102", 0 0, L_0x626e18363500;  1 drivers
v0x626e183542a0_0 .net *"_ivl_104", 0 0, L_0x626e183636f0;  1 drivers
v0x626e18354390_0 .net *"_ivl_107", 0 0, L_0x626e18363800;  1 drivers
v0x626e18354470_0 .net *"_ivl_109", 0 0, L_0x626e183638a0;  1 drivers
v0x626e183545a0_0 .net *"_ivl_110", 0 0, L_0x626e18363a30;  1 drivers
v0x626e18354680_0 .net *"_ivl_113", 0 0, L_0x626e18363c30;  1 drivers
v0x626e18354760_0 .net *"_ivl_114", 0 0, L_0x626e18363cd0;  1 drivers
v0x626e18354840_0 .net *"_ivl_117", 0 0, L_0x626e18363de0;  1 drivers
v0x626e18354920_0 .net *"_ivl_118", 0 0, L_0x626e18363f80;  1 drivers
v0x626e18354a00_0 .net *"_ivl_120", 0 0, L_0x626e18364190;  1 drivers
v0x626e18354ae0_0 .net *"_ivl_124", 3 0, L_0x626e18364510;  1 drivers
v0x626e18354bc0_0 .net *"_ivl_13", 0 0, L_0x626e18360450;  1 drivers
v0x626e18354ca0_0 .net *"_ivl_15", 0 0, L_0x626e183604f0;  1 drivers
v0x626e18354d80_0 .net *"_ivl_17", 0 0, L_0x626e183605c0;  1 drivers
v0x626e18354e60_0 .net *"_ivl_18", 0 0, L_0x626e183606f0;  1 drivers
v0x626e18354f40_0 .net *"_ivl_20", 0 0, L_0x626e183607b0;  1 drivers
v0x626e18355020_0 .net *"_ivl_23", 0 0, L_0x626e18360900;  1 drivers
v0x626e18355100_0 .net *"_ivl_25", 0 0, L_0x626e18360a70;  1 drivers
v0x626e183551e0_0 .net *"_ivl_26", 0 0, L_0x626e18360b10;  1 drivers
v0x626e183552c0_0 .net *"_ivl_28", 0 0, L_0x626e18360bd0;  1 drivers
v0x626e183553a0_0 .net *"_ivl_33", 0 0, L_0x626e18360ed0;  1 drivers
v0x626e18355480_0 .net *"_ivl_35", 0 0, L_0x626e18360fc0;  1 drivers
v0x626e18355560_0 .net *"_ivl_37", 0 0, L_0x626e18361060;  1 drivers
v0x626e18355640_0 .net *"_ivl_38", 0 0, L_0x626e18361160;  1 drivers
v0x626e18355720_0 .net *"_ivl_40", 0 0, L_0x626e18361280;  1 drivers
v0x626e18355800_0 .net *"_ivl_43", 0 0, L_0x626e18361340;  1 drivers
v0x626e183558e0_0 .net *"_ivl_45", 0 0, L_0x626e183613e0;  1 drivers
v0x626e183559c0_0 .net *"_ivl_46", 0 0, L_0x626e183614f0;  1 drivers
v0x626e18355aa0_0 .net *"_ivl_49", 0 0, L_0x626e18361670;  1 drivers
v0x626e18355b80_0 .net *"_ivl_5", 0 0, L_0x626e18360020;  1 drivers
v0x626e18355c60_0 .net *"_ivl_50", 0 0, L_0x626e18361710;  1 drivers
v0x626e18355d40_0 .net *"_ivl_52", 0 0, L_0x626e18361820;  1 drivers
v0x626e18356030_0 .net *"_ivl_55", 0 0, L_0x626e183619b0;  1 drivers
v0x626e18356110_0 .net *"_ivl_57", 0 0, L_0x626e18361ad0;  1 drivers
v0x626e183561f0_0 .net *"_ivl_58", 0 0, L_0x626e18361480;  1 drivers
v0x626e183562d0_0 .net *"_ivl_61", 0 0, L_0x626e18361c10;  1 drivers
v0x626e183563b0_0 .net *"_ivl_62", 0 0, L_0x626e18361600;  1 drivers
v0x626e18356490_0 .net *"_ivl_64", 0 0, L_0x626e18361e70;  1 drivers
v0x626e18356570_0 .net *"_ivl_69", 0 0, L_0x626e18362290;  1 drivers
v0x626e18356650_0 .net *"_ivl_7", 0 0, L_0x626e183600c0;  1 drivers
v0x626e18356730_0 .net *"_ivl_71", 0 0, L_0x626e18362330;  1 drivers
v0x626e18356810_0 .net *"_ivl_73", 0 0, L_0x626e18362470;  1 drivers
v0x626e183568f0_0 .net *"_ivl_74", 0 0, L_0x626e18362510;  1 drivers
v0x626e183569d0_0 .net *"_ivl_76", 0 0, L_0x626e18362620;  1 drivers
v0x626e18356ab0_0 .net *"_ivl_79", 0 0, L_0x626e183621f0;  1 drivers
v0x626e18356b90_0 .net *"_ivl_8", 0 0, L_0x626e183601b0;  1 drivers
v0x626e18356c70_0 .net *"_ivl_81", 0 0, L_0x626e183623d0;  1 drivers
v0x626e18356d50_0 .net *"_ivl_82", 0 0, L_0x626e18362890;  1 drivers
v0x626e18356e30_0 .net *"_ivl_85", 0 0, L_0x626e183629a0;  1 drivers
v0x626e18356f10_0 .net *"_ivl_86", 0 0, L_0x626e18362b00;  1 drivers
v0x626e18356ff0_0 .net *"_ivl_88", 0 0, L_0x626e18362cd0;  1 drivers
v0x626e183570d0_0 .net *"_ivl_91", 0 0, L_0x626e18362de0;  1 drivers
v0x626e183571b0_0 .net *"_ivl_93", 0 0, L_0x626e18362e80;  1 drivers
v0x626e18357290_0 .net *"_ivl_94", 0 0, L_0x626e18362ff0;  1 drivers
v0x626e18357370_0 .net *"_ivl_97", 0 0, L_0x626e183631d0;  1 drivers
v0x626e18357450_0 .net *"_ivl_98", 0 0, L_0x626e18363270;  1 drivers
v0x626e18357530_0 .net "a", 3 0, v0x626e18358670_0;  alias, 1 drivers
v0x626e18357610_0 .net "b", 3 0, v0x626e183587a0_0;  alias, 1 drivers
v0x626e183576f0_0 .net "c1", 0 0, L_0x626e18360270;  1 drivers
v0x626e183577b0_0 .net "c2", 0 0, L_0x626e18360d70;  1 drivers
v0x626e18357870_0 .net "c3", 0 0, L_0x626e18361f30;  1 drivers
v0x626e18357930_0 .net "cin", 0 0, v0x626e183588b0_0;  alias, 1 drivers
v0x626e183579f0_0 .net "cout", 0 0, L_0x626e18364250;  alias, 1 drivers
v0x626e18357ab0_0 .net "g", 3 0, L_0x626e1835fe40;  1 drivers
v0x626e18357fa0_0 .net "p", 3 0, L_0x626e1835fd30;  1 drivers
v0x626e18358080_0 .net "sum", 3 0, L_0x626e183646a0;  alias, 1 drivers
L_0x626e18360020 .part L_0x626e1835fe40, 0, 1;
L_0x626e183600c0 .part L_0x626e1835fd30, 0, 1;
L_0x626e18360450 .part L_0x626e1835fe40, 1, 1;
L_0x626e183604f0 .part L_0x626e1835fd30, 1, 1;
L_0x626e183605c0 .part L_0x626e1835fe40, 0, 1;
L_0x626e18360900 .part L_0x626e1835fd30, 1, 1;
L_0x626e18360a70 .part L_0x626e1835fd30, 0, 1;
L_0x626e18360ed0 .part L_0x626e1835fe40, 2, 1;
L_0x626e18360fc0 .part L_0x626e1835fd30, 2, 1;
L_0x626e18361060 .part L_0x626e1835fe40, 1, 1;
L_0x626e18361340 .part L_0x626e1835fd30, 2, 1;
L_0x626e183613e0 .part L_0x626e1835fd30, 1, 1;
L_0x626e18361670 .part L_0x626e1835fe40, 0, 1;
L_0x626e183619b0 .part L_0x626e1835fd30, 2, 1;
L_0x626e18361ad0 .part L_0x626e1835fd30, 1, 1;
L_0x626e18361c10 .part L_0x626e1835fd30, 0, 1;
L_0x626e18362290 .part L_0x626e1835fe40, 3, 1;
L_0x626e18362330 .part L_0x626e1835fd30, 3, 1;
L_0x626e18362470 .part L_0x626e1835fe40, 2, 1;
L_0x626e183621f0 .part L_0x626e1835fd30, 3, 1;
L_0x626e183623d0 .part L_0x626e1835fd30, 2, 1;
L_0x626e183629a0 .part L_0x626e1835fe40, 1, 1;
L_0x626e18362de0 .part L_0x626e1835fd30, 3, 1;
L_0x626e18362e80 .part L_0x626e1835fd30, 2, 1;
L_0x626e183631d0 .part L_0x626e1835fd30, 1, 1;
L_0x626e18363380 .part L_0x626e1835fe40, 0, 1;
L_0x626e18363800 .part L_0x626e1835fd30, 3, 1;
L_0x626e183638a0 .part L_0x626e1835fd30, 2, 1;
L_0x626e18363c30 .part L_0x626e1835fd30, 1, 1;
L_0x626e18363de0 .part L_0x626e1835fd30, 0, 1;
L_0x626e18364510 .concat [ 1 1 1 1], v0x626e183588b0_0, L_0x626e18360270, L_0x626e18360d70, L_0x626e18361f30;
    .scope S_0x626e1831fbf0;
T_0 ;
    %vpi_func 6 23 "$value$plusargs" 32, "vcd=%s", v0x626e18358bd0_0 {0 0 0};
    %cmpi/ne 0, 0, 32;
    %jmp/0xz  T_0.0, 4;
    %vpi_call/w 6 24 "$dumpfile", v0x626e18358bd0_0 {0 0 0};
    %vpi_call/w 6 25 "$dumpvars", 32'sb00000000000000000000000000000000, S_0x626e18353cc0 {0 0 0};
T_0.0 ;
    %end;
    .thread T_0;
    .scope S_0x626e1831fbf0;
T_1 ;
    %pushi/vec4 0, 0, 4;
    %store/vec4 v0x626e18358670_0, 0, 4;
    %pushi/vec4 0, 0, 4;
    %store/vec4 v0x626e183587a0_0, 0, 4;
    %pushi/vec4 0, 0, 1;
    %store/vec4 v0x626e183588b0_0, 0, 1;
    %delay 20, 0;
    %pushi/vec4 7, 0, 4;
    %store/vec4 v0x626e18358670_0, 0, 4;
    %pushi/vec4 1, 0, 4;
    %store/vec4 v0x626e183587a0_0, 0, 4;
    %pushi/vec4 0, 0, 1;
    %store/vec4 v0x626e183588b0_0, 0, 1;
    %delay 20, 0;
    %pushi/vec4 15, 0, 4;
    %store/vec4 v0x626e18358670_0, 0, 4;
    %pushi/vec4 1, 0, 4;
    %store/vec4 v0x626e183587a0_0, 0, 4;
    %pushi/vec4 0, 0, 1;
    %store/vec4 v0x626e183588b0_0, 0, 1;
    %delay 20, 0;
    %pushi/vec4 5, 0, 4;
    %store/vec4 v0x626e18358670_0, 0, 4;
    %pushi/vec4 3, 0, 4;
    %store/vec4 v0x626e183587a0_0, 0, 4;
    %pushi/vec4 1, 0, 1;
    %store/vec4 v0x626e183588b0_0, 0, 1;
    %delay 20, 0;
    %pushi/vec4 10, 0, 4;
    %store/vec4 v0x626e18358670_0, 0, 4;
    %pushi/vec4 5, 0, 4;
    %store/vec4 v0x626e183587a0_0, 0, 4;
    %pushi/vec4 0, 0, 1;
    %store/vec4 v0x626e183588b0_0, 0, 1;
    %delay 20, 0;
    %vpi_call/w 6 35 "$finish" {0 0 0};
    %end;
    .thread T_1;
    .scope S_0x626e1831fbf0;
T_2 ;
    %vpi_call/w 6 39 "$monitor", $time, " a=%b b=%b cin=%b | sum=%b cout=%b", v0x626e18358670_0, v0x626e183587a0_0, v0x626e183588b0_0, v0x626e18358a90_0, v0x626e183589a0_0 {0 0 0};
    %end;
    .thread T_2;
# The file index is used to find the file name in the following table.
:file_names 9;
    "N/A";
    "<interactive>";
    "-";
    "cla4.v";
    "rca.v";
    "FA_Gate.v";
    "tb.v";
    "dut.v";
    "cla4_dataflow.v";
