#! /usr/bin/vvp
:ivl_version "11.0 (stable)";
:ivl_delay_selection "TYPICAL";
:vpi_time_precision + 0;
:vpi_module "/usr/lib/x86_64-linux-gnu/ivl/system.vpi";
:vpi_module "/usr/lib/x86_64-linux-gnu/ivl/vhdl_sys.vpi";
:vpi_module "/usr/lib/x86_64-linux-gnu/ivl/vhdl_textio.vpi";
:vpi_module "/usr/lib/x86_64-linux-gnu/ivl/v2005_math.vpi";
:vpi_module "/usr/lib/x86_64-linux-gnu/ivl/va_math.vpi";
:vpi_module "/usr/lib/x86_64-linux-gnu/ivl/v2009.vpi";
S_0x5fc1f6d17c30 .scope package, "$unit" "$unit" 2 1;
 .timescale 0 0;
S_0x5fc1f6d17dc0 .scope module, "tb" "tb" 3 9;
 .timescale 0 0;
v0x5fc1f6d3f570_0 .var "t_a", 3 0;
v0x5fc1f6d3f650_0 .var "t_b", 3 0;
v0x5fc1f6d3f6f0_0 .var "t_cin", 0 0;
v0x5fc1f6d3f810_0 .net "t_cout", 0 0, L_0x5fc1f6d42690;  1 drivers
v0x5fc1f6d3f900_0 .net "t_sum", 3 0, L_0x5fc1f6d42a70;  1 drivers
v0x5fc1f6d3f9f0_0 .var/str "vcd_file";
S_0x5fc1f6d17f50 .scope module, "DUT" "ripple_adder" 3 15, 4 15 0, S_0x5fc1f6d17dc0;
 .timescale 0 0;
    .port_info 0 /INPUT 4 "a";
    .port_info 1 /INPUT 4 "b";
    .port_info 2 /INPUT 1 "cin";
    .port_info 3 /OUTPUT 4 "sum";
    .port_info 4 /OUTPUT 1 "cout";
v0x5fc1f6d3ee10_0 .net "a", 3 0, v0x5fc1f6d3f570_0;  1 drivers
v0x5fc1f6d3ef10_0 .net "b", 3 0, v0x5fc1f6d3f650_0;  1 drivers
v0x5fc1f6d3eff0_0 .net "c1", 0 0, L_0x5fc1f6d40280;  1 drivers
v0x5fc1f6d3f0e0_0 .net "c2", 0 0, L_0x5fc1f6d40e40;  1 drivers
v0x5fc1f6d3f1d0_0 .net "c3", 0 0, L_0x5fc1f6d41a20;  1 drivers
v0x5fc1f6d3f310_0 .net "cin", 0 0, v0x5fc1f6d3f6f0_0;  1 drivers
v0x5fc1f6d3f3b0_0 .net "cout", 0 0, L_0x5fc1f6d42690;  alias, 1 drivers
v0x5fc1f6d3f450_0 .net "sum", 3 0, L_0x5fc1f6d42a70;  alias, 1 drivers
L_0x5fc1f6d404d0 .part v0x5fc1f6d3f570_0, 0, 1;
L_0x5fc1f6d405c0 .part v0x5fc1f6d3f650_0, 0, 1;
L_0x5fc1f6d41090 .part v0x5fc1f6d3f570_0, 1, 1;
L_0x5fc1f6d41130 .part v0x5fc1f6d3f650_0, 1, 1;
L_0x5fc1f6d41c70 .part v0x5fc1f6d3f570_0, 2, 1;
L_0x5fc1f6d41da0 .part v0x5fc1f6d3f650_0, 2, 1;
L_0x5fc1f6d428e0 .part v0x5fc1f6d3f570_0, 3, 1;
L_0x5fc1f6d42980 .part v0x5fc1f6d3f650_0, 3, 1;
L_0x5fc1f6d42a70 .concat8 [ 1 1 1 1], L_0x5fc1f6d3fef0, L_0x5fc1f6d40ab0, L_0x5fc1f6d41600, L_0x5fc1f6d42270;
S_0x5fc1f6d1b7f0 .scope module, "FA0" "FA_Gate" 4 25, 5 20 0, S_0x5fc1f6d17f50;
 .timescale 0 0;
    .port_info 0 /INPUT 1 "a";
    .port_info 1 /INPUT 1 "b";
    .port_info 2 /INPUT 1 "cin";
    .port_info 3 /OUTPUT 1 "sum";
    .port_info 4 /OUTPUT 1 "cout";
L_0x5fc1f6d3fa90/d .functor XOR 1, L_0x5fc1f6d404d0, L_0x5fc1f6d405c0, C4<0>, C4<0>;
L_0x5fc1f6d3fa90 .delay 1 (1,2,1) L_0x5fc1f6d3fa90/d;
L_0x5fc1f6d3fc70/d .functor AND 1, L_0x5fc1f6d404d0, L_0x5fc1f6d405c0, C4<1>, C4<1>;
L_0x5fc1f6d3fc70 .delay 1 (1,2,1) L_0x5fc1f6d3fc70/d;
L_0x5fc1f6d3fef0/d .functor XOR 1, v0x5fc1f6d3f6f0_0, L_0x5fc1f6d3fa90, C4<0>, C4<0>;
L_0x5fc1f6d3fef0 .delay 1 (1,2,1) L_0x5fc1f6d3fef0/d;
L_0x5fc1f6d400f0/d .functor AND 1, v0x5fc1f6d3f6f0_0, L_0x5fc1f6d3fa90, C4<1>, C4<1>;
L_0x5fc1f6d400f0 .delay 1 (1,2,1) L_0x5fc1f6d400f0/d;
L_0x5fc1f6d40280/d .functor OR 1, L_0x5fc1f6d3fc70, L_0x5fc1f6d400f0, C4<0>, C4<0>;
L_0x5fc1f6d40280 .delay 1 (1,2,1) L_0x5fc1f6d40280/d;
v0x5fc1f6d0feb0_0 .net "a", 0 0, L_0x5fc1f6d404d0;  1 drivers
v0x5fc1f6d0df50_0 .net "b", 0 0, L_0x5fc1f6d405c0;  1 drivers
v0x5fc1f6d0bff0_0 .net "cin", 0 0, v0x5fc1f6d3f6f0_0;  alias, 1 drivers
v0x5fc1f6d0a060_0 .net "cout", 0 0, L_0x5fc1f6d40280;  alias, 1 drivers
v0x5fc1f6d3cfa0_0 .net "pc1", 0 0, L_0x5fc1f6d3fc70;  1 drivers
v0x5fc1f6d3d0b0_0 .net "pc2", 0 0, L_0x5fc1f6d400f0;  1 drivers
v0x5fc1f6d3d170_0 .net "ps", 0 0, L_0x5fc1f6d3fa90;  1 drivers
v0x5fc1f6d3d230_0 .net "sum", 0 0, L_0x5fc1f6d3fef0;  1 drivers
S_0x5fc1f6d3d390 .scope module, "FA1" "FA_Gate" 4 33, 5 20 0, S_0x5fc1f6d17f50;
 .timescale 0 0;
    .port_info 0 /INPUT 1 "a";
    .port_info 1 /INPUT 1 "b";
    .port_info 2 /INPUT 1 "cin";
    .port_info 3 /OUTPUT 1 "sum";
    .port_info 4 /OUTPUT 1 "cout";
L_0x5fc1f6d406b0/d .functor XOR 1, L_0x5fc1f6d41090, L_0x5fc1f6d41130, C4<0>, C4<0>;
L_0x5fc1f6d406b0 .delay 1 (1,2,1) L_0x5fc1f6d406b0/d;
L_0x5fc1f6d40860/d .functor AND 1, L_0x5fc1f6d41090, L_0x5fc1f6d41130, C4<1>, C4<1>;
L_0x5fc1f6d40860 .delay 1 (1,2,1) L_0x5fc1f6d40860/d;
L_0x5fc1f6d40ab0/d .functor XOR 1, L_0x5fc1f6d40280, L_0x5fc1f6d406b0, C4<0>, C4<0>;
L_0x5fc1f6d40ab0 .delay 1 (1,2,1) L_0x5fc1f6d40ab0/d;
L_0x5fc1f6d40c60/d .functor AND 1, L_0x5fc1f6d40280, L_0x5fc1f6d406b0, C4<1>, C4<1>;
L_0x5fc1f6d40c60 .delay 1 (1,2,1) L_0x5fc1f6d40c60/d;
L_0x5fc1f6d40e40/d .functor OR 1, L_0x5fc1f6d40860, L_0x5fc1f6d40c60, C4<0>, C4<0>;
L_0x5fc1f6d40e40 .delay 1 (1,2,1) L_0x5fc1f6d40e40/d;
v0x5fc1f6d3d590_0 .net "a", 0 0, L_0x5fc1f6d41090;  1 drivers
v0x5fc1f6d3d650_0 .net "b", 0 0, L_0x5fc1f6d41130;  1 drivers
v0x5fc1f6d3d710_0 .net "cin", 0 0, L_0x5fc1f6d40280;  alias, 1 drivers
v0x5fc1f6d3d7b0_0 .net "cout", 0 0, L_0x5fc1f6d40e40;  alias, 1 drivers
v0x5fc1f6d3d850_0 .net "pc1", 0 0, L_0x5fc1f6d40860;  1 drivers
v0x5fc1f6d3d940_0 .net "pc2", 0 0, L_0x5fc1f6d40c60;  1 drivers
v0x5fc1f6d3da00_0 .net "ps", 0 0, L_0x5fc1f6d406b0;  1 drivers
v0x5fc1f6d3dac0_0 .net "sum", 0 0, L_0x5fc1f6d40ab0;  1 drivers
S_0x5fc1f6d3dc20 .scope module, "FA2" "FA_Gate" 4 41, 5 20 0, S_0x5fc1f6d17f50;
 .timescale 0 0;
    .port_info 0 /INPUT 1 "a";
    .port_info 1 /INPUT 1 "b";
    .port_info 2 /INPUT 1 "cin";
    .port_info 3 /OUTPUT 1 "sum";
    .port_info 4 /OUTPUT 1 "cout";
L_0x5fc1f6d41200/d .functor XOR 1, L_0x5fc1f6d41c70, L_0x5fc1f6d41da0, C4<0>, C4<0>;
L_0x5fc1f6d41200 .delay 1 (1,2,1) L_0x5fc1f6d41200/d;
L_0x5fc1f6d413b0/d .functor AND 1, L_0x5fc1f6d41c70, L_0x5fc1f6d41da0, C4<1>, C4<1>;
L_0x5fc1f6d413b0 .delay 1 (1,2,1) L_0x5fc1f6d413b0/d;
L_0x5fc1f6d41600/d .functor XOR 1, L_0x5fc1f6d40e40, L_0x5fc1f6d41200, C4<0>, C4<0>;
L_0x5fc1f6d41600 .delay 1 (1,2,1) L_0x5fc1f6d41600/d;
L_0x5fc1f6d41840/d .functor AND 1, L_0x5fc1f6d40e40, L_0x5fc1f6d41200, C4<1>, C4<1>;
L_0x5fc1f6d41840 .delay 1 (1,2,1) L_0x5fc1f6d41840/d;
L_0x5fc1f6d41a20/d .functor OR 1, L_0x5fc1f6d413b0, L_0x5fc1f6d41840, C4<0>, C4<0>;
L_0x5fc1f6d41a20 .delay 1 (1,2,1) L_0x5fc1f6d41a20/d;
v0x5fc1f6d3de30_0 .net "a", 0 0, L_0x5fc1f6d41c70;  1 drivers
v0x5fc1f6d3def0_0 .net "b", 0 0, L_0x5fc1f6d41da0;  1 drivers
v0x5fc1f6d3dfb0_0 .net "cin", 0 0, L_0x5fc1f6d40e40;  alias, 1 drivers
v0x5fc1f6d3e0b0_0 .net "cout", 0 0, L_0x5fc1f6d41a20;  alias, 1 drivers
v0x5fc1f6d3e150_0 .net "pc1", 0 0, L_0x5fc1f6d413b0;  1 drivers
v0x5fc1f6d3e240_0 .net "pc2", 0 0, L_0x5fc1f6d41840;  1 drivers
v0x5fc1f6d3e300_0 .net "ps", 0 0, L_0x5fc1f6d41200;  1 drivers
v0x5fc1f6d3e3c0_0 .net "sum", 0 0, L_0x5fc1f6d41600;  1 drivers
S_0x5fc1f6d3e520 .scope module, "FA3" "FA_Gate" 4 49, 5 20 0, S_0x5fc1f6d17f50;
 .timescale 0 0;
    .port_info 0 /INPUT 1 "a";
    .port_info 1 /INPUT 1 "b";
    .port_info 2 /INPUT 1 "cin";
    .port_info 3 /OUTPUT 1 "sum";
    .port_info 4 /OUTPUT 1 "cout";
L_0x5fc1f6d41f10/d .functor XOR 1, L_0x5fc1f6d428e0, L_0x5fc1f6d42980, C4<0>, C4<0>;
L_0x5fc1f6d41f10 .delay 1 (1,2,1) L_0x5fc1f6d41f10/d;
L_0x5fc1f6d42020/d .functor AND 1, L_0x5fc1f6d428e0, L_0x5fc1f6d42980, C4<1>, C4<1>;
L_0x5fc1f6d42020 .delay 1 (1,2,1) L_0x5fc1f6d42020/d;
L_0x5fc1f6d42270/d .functor XOR 1, L_0x5fc1f6d41a20, L_0x5fc1f6d41f10, C4<0>, C4<0>;
L_0x5fc1f6d42270 .delay 1 (1,2,1) L_0x5fc1f6d42270/d;
L_0x5fc1f6d424b0/d .functor AND 1, L_0x5fc1f6d41a20, L_0x5fc1f6d41f10, C4<1>, C4<1>;
L_0x5fc1f6d424b0 .delay 1 (1,2,1) L_0x5fc1f6d424b0/d;
L_0x5fc1f6d42690/d .functor OR 1, L_0x5fc1f6d42020, L_0x5fc1f6d424b0, C4<0>, C4<0>;
L_0x5fc1f6d42690 .delay 1 (1,2,1) L_0x5fc1f6d42690/d;
v0x5fc1f6d3e700_0 .net "a", 0 0, L_0x5fc1f6d428e0;  1 drivers
v0x5fc1f6d3e7e0_0 .net "b", 0 0, L_0x5fc1f6d42980;  1 drivers
v0x5fc1f6d3e8a0_0 .net "cin", 0 0, L_0x5fc1f6d41a20;  alias, 1 drivers
v0x5fc1f6d3e9a0_0 .net "cout", 0 0, L_0x5fc1f6d42690;  alias, 1 drivers
v0x5fc1f6d3ea40_0 .net "pc1", 0 0, L_0x5fc1f6d42020;  1 drivers
v0x5fc1f6d3eb30_0 .net "pc2", 0 0, L_0x5fc1f6d424b0;  1 drivers
v0x5fc1f6d3ebf0_0 .net "ps", 0 0, L_0x5fc1f6d41f10;  1 drivers
v0x5fc1f6d3ecb0_0 .net "sum", 0 0, L_0x5fc1f6d42270;  1 drivers
    .scope S_0x5fc1f6d17dc0;
T_0 ;
    %vpi_func 3 26 "$value$plusargs" 32, "vcd=%s", v0x5fc1f6d3f9f0_0 {0 0 0};
    %cmpi/ne 0, 0, 32;
    %jmp/0xz  T_0.0, 4;
    %vpi_call/w 3 27 "$dumpfile", v0x5fc1f6d3f9f0_0 {0 0 0};
    %vpi_call/w 3 28 "$dumpvars", 32'sb00000000000000000000000000000000, S_0x5fc1f6d17f50 {0 0 0};
T_0.0 ;
    %end;
    .thread T_0;
    .scope S_0x5fc1f6d17dc0;
T_1 ;
    %pushi/vec4 0, 0, 4;
    %store/vec4 v0x5fc1f6d3f570_0, 0, 4;
    %pushi/vec4 0, 0, 4;
    %store/vec4 v0x5fc1f6d3f650_0, 0, 4;
    %pushi/vec4 0, 0, 1;
    %store/vec4 v0x5fc1f6d3f6f0_0, 0, 1;
    %delay 20, 0;
    %pushi/vec4 7, 0, 4;
    %store/vec4 v0x5fc1f6d3f570_0, 0, 4;
    %pushi/vec4 1, 0, 4;
    %store/vec4 v0x5fc1f6d3f650_0, 0, 4;
    %pushi/vec4 0, 0, 1;
    %store/vec4 v0x5fc1f6d3f6f0_0, 0, 1;
    %delay 20, 0;
    %pushi/vec4 15, 0, 4;
    %store/vec4 v0x5fc1f6d3f570_0, 0, 4;
    %pushi/vec4 1, 0, 4;
    %store/vec4 v0x5fc1f6d3f650_0, 0, 4;
    %pushi/vec4 0, 0, 1;
    %store/vec4 v0x5fc1f6d3f6f0_0, 0, 1;
    %delay 20, 0;
    %pushi/vec4 5, 0, 4;
    %store/vec4 v0x5fc1f6d3f570_0, 0, 4;
    %pushi/vec4 3, 0, 4;
    %store/vec4 v0x5fc1f6d3f650_0, 0, 4;
    %pushi/vec4 1, 0, 1;
    %store/vec4 v0x5fc1f6d3f6f0_0, 0, 1;
    %delay 20, 0;
    %pushi/vec4 10, 0, 4;
    %store/vec4 v0x5fc1f6d3f570_0, 0, 4;
    %pushi/vec4 5, 0, 4;
    %store/vec4 v0x5fc1f6d3f650_0, 0, 4;
    %pushi/vec4 0, 0, 1;
    %store/vec4 v0x5fc1f6d3f6f0_0, 0, 1;
    %delay 20, 0;
    %vpi_call/w 3 38 "$finish" {0 0 0};
    %end;
    .thread T_1;
    .scope S_0x5fc1f6d17dc0;
T_2 ;
    %vpi_call/w 3 42 "$monitor", $time, " a=%b b=%b cin=%b | sum=%b cout=%b", v0x5fc1f6d3f570_0, v0x5fc1f6d3f650_0, v0x5fc1f6d3f6f0_0, v0x5fc1f6d3f900_0, v0x5fc1f6d3f810_0 {0 0 0};
    %end;
    .thread T_2;
# The file index is used to find the file name in the following table.
:file_names 6;
    "N/A";
    "<interactive>";
    "-";
    "tb.v";
    "ripple_adder.v";
    "FA_Gate.v";
